Archive member included because of file (symbol)

e:/courses/01-nti/avr tools/avr tools/sdk_win_64/sdk_win_64/winavr/bin/../lib/gcc/avr/4.3.3/avr51\libgcc.a(_udivmodhi4.o)
                              ./MCAL/TMR0/TMR0_Program.o (__udivmodhi4)
e:/courses/01-nti/avr tools/avr tools/sdk_win_64/sdk_win_64/winavr/bin/../lib/gcc/avr/4.3.3/avr51\libgcc.a(_exit.o)
                              e:/courses/01-nti/avr tools/avr tools/sdk_win_64/sdk_win_64/winavr/bin/../lib/gcc/avr/4.3.3/../../../../avr/lib/avr51/crtm128.o (exit)
e:/courses/01-nti/avr tools/avr tools/sdk_win_64/sdk_win_64/winavr/bin/../lib/gcc/avr/4.3.3/avr51\libgcc.a(_clear_bss.o)
                              ./OS/OS.o (__do_clear_bss)

Allocating common symbols
Common symbol       size              file

buffer              0xe               ./HAL/CANMCB/CANTX_prog.o

Memory Configuration

Name             Origin             Length             Attributes
text             0x00000000         0x00020000         xr
data             0x00800060         0x0000ffa0         rw !x
eeprom           0x00810000         0x00010000         rw !x
fuse             0x00820000         0x00000400         rw !x
lock             0x00830000         0x00000400         rw !x
signature        0x00840000         0x00000400         rw !x
*default*        0x00000000         0xffffffff

Linker script and memory map

Address of section .data set to 0x800100
LOAD e:/courses/01-nti/avr tools/avr tools/sdk_win_64/sdk_win_64/winavr/bin/../lib/gcc/avr/4.3.3/../../../../avr/lib/avr51/crtm128.o
LOAD ./OS/OS.o
LOAD ./OS/OS_Config.o
LOAD ./OS/Tasks.o
LOAD ./MCAL/UART/UART_Init.o
LOAD ./MCAL/TMR0/TMR0_Program.o
LOAD ./MCAL/TIMERS/TIMERS_Prog.o
LOAD ./MCAL/SPI/SPI_Prog.o
LOAD ./MCAL/PORT/Port.o
LOAD ./MCAL/PORT/Port_Cfg.o
LOAD ./MCAL/GI/GI_Program.o
LOAD ./MCAL/DIO/DIO.o
LOAD ./HAL/MotorDriver/Motor.o
LOAD ./HAL/CANMCB/CANTX_prog.o
LOAD ./APP/control/Move_Control.o
LOAD ./main.o
LOAD e:/courses/01-nti/avr tools/avr tools/sdk_win_64/sdk_win_64/winavr/bin/../lib/gcc/avr/4.3.3/avr51\libgcc.a
LOAD e:/courses/01-nti/avr tools/avr tools/sdk_win_64/sdk_win_64/winavr/bin/../lib/gcc/avr/4.3.3/../../../../avr/lib/avr51\libc.a
LOAD e:/courses/01-nti/avr tools/avr tools/sdk_win_64/sdk_win_64/winavr/bin/../lib/gcc/avr/4.3.3/avr51\libgcc.a

.hash
 *(.hash)

.dynsym
 *(.dynsym)

.dynstr
 *(.dynstr)

.gnu.version
 *(.gnu.version)

.gnu.version_d
 *(.gnu.version_d)

.gnu.version_r
 *(.gnu.version_r)

.rel.init
 *(.rel.init)

.rela.init
 *(.rela.init)

.rel.text
 *(.rel.text)
 *(.rel.text.*)
 *(.rel.gnu.linkonce.t*)

.rela.text
 *(.rela.text)
 *(.rela.text.*)
 *(.rela.gnu.linkonce.t*)

.rel.fini
 *(.rel.fini)

.rela.fini
 *(.rela.fini)

.rel.rodata
 *(.rel.rodata)
 *(.rel.rodata.*)
 *(.rel.gnu.linkonce.r*)

.rela.rodata
 *(.rela.rodata)
 *(.rela.rodata.*)
 *(.rela.gnu.linkonce.r*)

.rel.data
 *(.rel.data)
 *(.rel.data.*)
 *(.rel.gnu.linkonce.d*)

.rela.data
 *(.rela.data)
 *(.rela.data.*)
 *(.rela.gnu.linkonce.d*)

.rel.ctors
 *(.rel.ctors)

.rela.ctors
 *(.rela.ctors)

.rel.dtors
 *(.rel.dtors)

.rela.dtors
 *(.rela.dtors)

.rel.got
 *(.rel.got)

.rela.got
 *(.rela.got)

.rel.bss
 *(.rel.bss)

.rela.bss
 *(.rela.bss)

.rel.plt
 *(.rel.plt)

.rela.plt
 *(.rela.plt)

.text           0x00000000     0x13c2
 *(.vectors)
 .vectors       0x00000000       0x8c e:/courses/01-nti/avr tools/avr tools/sdk_win_64/sdk_win_64/winavr/bin/../lib/gcc/avr/4.3.3/../../../../avr/lib/avr51/crtm128.o
                0x00000000                __vectors
                0x00000000                __vector_default
 *(.vectors)
 *(.progmem.gcc*)
 *(.progmem*)
                0x0000008c                . = ALIGN (0x2)
                0x0000008c                __trampolines_start = .
 *(.trampolines)
 .trampolines   0x0000008c        0x0 linker stubs
 *(.trampolines*)
                0x0000008c                __trampolines_end = .
 *(.jumptables)
 *(.jumptables*)
 *(.lowtext)
 *(.lowtext*)
                0x0000008c                __ctors_start = .
 *(.ctors)
                0x0000008c                __ctors_end = .
                0x0000008c                __dtors_start = .
 *(.dtors)
                0x0000008c                __dtors_end = .
 SORT(*)(.ctors)
 SORT(*)(.dtors)
 *(.init0)
 .init0         0x0000008c        0x0 e:/courses/01-nti/avr tools/avr tools/sdk_win_64/sdk_win_64/winavr/bin/../lib/gcc/avr/4.3.3/../../../../avr/lib/avr51/crtm128.o
                0x0000008c                __init
 *(.init0)
 *(.init1)
 *(.init1)
 *(.init2)
 .init2         0x0000008c        0xc e:/courses/01-nti/avr tools/avr tools/sdk_win_64/sdk_win_64/winavr/bin/../lib/gcc/avr/4.3.3/../../../../avr/lib/avr51/crtm128.o
 *(.init2)
 *(.init3)
 *(.init3)
 *(.init4)
 .init4         0x00000098       0x1a e:/courses/01-nti/avr tools/avr tools/sdk_win_64/sdk_win_64/winavr/bin/../lib/gcc/avr/4.3.3/../../../../avr/lib/avr51/crtm128.o
                0x00000098                __do_copy_data
 .init4         0x000000b2       0x10 e:/courses/01-nti/avr tools/avr tools/sdk_win_64/sdk_win_64/winavr/bin/../lib/gcc/avr/4.3.3/avr51\libgcc.a(_clear_bss.o)
                0x000000b2                __do_clear_bss
 *(.init4)
 *(.init5)
 *(.init5)
 *(.init6)
 *(.init6)
 *(.init7)
 *(.init7)
 *(.init8)
 *(.init8)
 *(.init9)
 .init9         0x000000c2        0x8 e:/courses/01-nti/avr tools/avr tools/sdk_win_64/sdk_win_64/winavr/bin/../lib/gcc/avr/4.3.3/../../../../avr/lib/avr51/crtm128.o
 *(.init9)
 *(.text)
 .text          0x000000ca        0x4 e:/courses/01-nti/avr tools/avr tools/sdk_win_64/sdk_win_64/winavr/bin/../lib/gcc/avr/4.3.3/../../../../avr/lib/avr51/crtm128.o
                0x000000ca                __vector_22
                0x000000ca                __vector_28
                0x000000ca                __vector_1
                0x000000ca                __vector_32
                0x000000ca                __vector_34
                0x000000ca                __vector_24
                0x000000ca                __bad_interrupt
                0x000000ca                __vector_6
                0x000000ca                __vector_31
                0x000000ca                __vector_3
                0x000000ca                __vector_23
                0x000000ca                __vector_30
                0x000000ca                __vector_25
                0x000000ca                __vector_11
                0x000000ca                __vector_19
                0x000000ca                __vector_7
                0x000000ca                __vector_27
                0x000000ca                __vector_5
                0x000000ca                __vector_33
                0x000000ca                __vector_4
                0x000000ca                __vector_9
                0x000000ca                __vector_2
                0x000000ca                __vector_21
                0x000000ca                __vector_15
                0x000000ca                __vector_29
                0x000000ca                __vector_8
                0x000000ca                __vector_26
                0x000000ca                __vector_10
                0x000000ca                __vector_16
 .text          0x000000ce        0x0 ./OS/OS.o
 .text          0x000000ce        0x0 ./OS/OS_Config.o
 .text          0x000000ce        0x0 ./OS/Tasks.o
 .text          0x000000ce        0x0 ./MCAL/UART/UART_Init.o
 .text          0x000000ce        0x0 ./MCAL/TMR0/TMR0_Program.o
 .text          0x000000ce        0x0 ./MCAL/TIMERS/TIMERS_Prog.o
 .text          0x000000ce        0x0 ./MCAL/SPI/SPI_Prog.o
 .text          0x000000ce        0x0 ./MCAL/PORT/Port.o
 .text          0x000000ce        0x0 ./MCAL/PORT/Port_Cfg.o
 .text          0x000000ce        0x0 ./MCAL/GI/GI_Program.o
 .text          0x000000ce        0x0 ./MCAL/DIO/DIO.o
 .text          0x000000ce        0x0 ./HAL/MotorDriver/Motor.o
 .text          0x000000ce        0x0 ./HAL/CANMCB/CANTX_prog.o
 .text          0x000000ce        0x0 ./APP/control/Move_Control.o
 .text          0x000000ce        0x0 ./main.o
 .text          0x000000ce        0x0 e:/courses/01-nti/avr tools/avr tools/sdk_win_64/sdk_win_64/winavr/bin/../lib/gcc/avr/4.3.3/avr51\libgcc.a(_udivmodhi4.o)
 .text          0x000000ce        0x0 e:/courses/01-nti/avr tools/avr tools/sdk_win_64/sdk_win_64/winavr/bin/../lib/gcc/avr/4.3.3/avr51\libgcc.a(_exit.o)
 .text          0x000000ce        0x0 e:/courses/01-nti/avr tools/avr tools/sdk_win_64/sdk_win_64/winavr/bin/../lib/gcc/avr/4.3.3/avr51\libgcc.a(_clear_bss.o)
                0x000000ce                . = ALIGN (0x2)
 *(.text.*)
 .text.OS_TaskCreate
                0x000000ce       0x68 ./OS/OS.o
                0x000000ce                OS_TaskCreate
 .text.OS_Task_Handler
                0x00000136       0x42 ./OS/OS.o
                0x00000136                OS_Task_Handler
 .text.OS_TaskExecution
                0x00000178       0x52 ./OS/OS.o
                0x00000178                OS_TaskExecution
 .text.Task_MOTOR_COM_5mS
                0x000001ca        0x6 ./OS/Tasks.o
                0x000001ca                Task_MOTOR_COM_5mS
 .text.Task_MOTOR_GetDirection_40mS
                0x000001d0        0x6 ./OS/Tasks.o
                0x000001d0                Task_MOTOR_GetDirection_40mS
 .text.Task_MOTOR_GetSpeed_50mS
                0x000001d6        0x6 ./OS/Tasks.o
                0x000001d6                Task_MOTOR_GetSpeed_50mS
 .text.Task_UART_Get_20mS
                0x000001dc        0x6 ./OS/Tasks.o
                0x000001dc                Task_UART_Get_20mS
 .text.UART_Init
                0x000001e2       0x12 ./MCAL/UART/UART_Init.o
                0x000001e2                UART_Init
 .text.UART_TransmitData
                0x000001f4        0x8 ./MCAL/UART/UART_Init.o
                0x000001f4                UART_TransmitData
 .text.UART_RecieveData
                0x000001fc        0x8 ./MCAL/UART/UART_Init.o
                0x000001fc                UART_RecieveData
 .text.UART_Send_String
                0x00000204       0x1a ./MCAL/UART/UART_Init.o
                0x00000204                UART_Send_String
 .text.UART_ReceiveNum
                0x0000021e        0x6 ./MCAL/UART/UART_Init.o
                0x0000021e                UART_ReceiveNum
 .text.BlutouthMOdule_Init
                0x00000224       0x12 ./MCAL/UART/UART_Init.o
                0x00000224                BlutouthMOdule_Init
 .text.Bluetooth_Module_Send_Data
                0x00000236        0x4 ./MCAL/UART/UART_Init.o
                0x00000236                Bluetooth_Module_Send_Data
 .text.Bluetooth_Module_Recieve_Data
                0x0000023a        0xc ./MCAL/UART/UART_Init.o
                0x0000023a                Bluetooth_Module_Recieve_Data
 .text.Bluetooth_Module_SEND_String
                0x00000246        0x6 ./MCAL/UART/UART_Init.o
                0x00000246                Bluetooth_Module_SEND_String
 .text.Bluetooth_Module_RECEIVE_NUM
                0x0000024c        0xa ./MCAL/UART/UART_Init.o
                0x0000024c                Bluetooth_Module_RECEIVE_NUM
 .text.Bluetooth_Module_RECEIVE_ID
                0x00000256        0xa ./MCAL/UART/UART_Init.o
                0x00000256                Bluetooth_Module_RECEIVE_ID
 .text.UART_RX_InterruptEnable
                0x00000260        0x4 ./MCAL/UART/UART_Init.o
                0x00000260                UART_RX_InterruptEnable
 .text.UART_RX_InterruptDisable
                0x00000264        0x4 ./MCAL/UART/UART_Init.o
                0x00000264                UART_RX_InterruptDisable
 .text.UART_TX_InterruptEnable
                0x00000268        0x4 ./MCAL/UART/UART_Init.o
                0x00000268                UART_TX_InterruptEnable
 .text.UART_TX_InterruptDisable
                0x0000026c        0x4 ./MCAL/UART/UART_Init.o
                0x0000026c                UART_TX_InterruptDisable
 .text.UART_RX_SetCallBack
                0x00000270        0xa ./MCAL/UART/UART_Init.o
                0x00000270                UART_RX_SetCallBack
 .text.UART_TX_SetCallBack
                0x0000027a        0xa ./MCAL/UART/UART_Init.o
                0x0000027a                UART_TX_SetCallBack
 .text.UART_SendNoBlock
                0x00000284        0x4 ./MCAL/UART/UART_Init.o
                0x00000284                UART_SendNoBlock
 .text.UART_ReceiveNoBlock
                0x00000288        0x4 ./MCAL/UART/UART_Init.o
                0x00000288                UART_ReceiveNoBlock
 .text.__vector_18
                0x0000028c       0x5a ./MCAL/UART/UART_Init.o
                0x0000028c                __vector_18
 .text.__vector_20
                0x000002e6       0x5a ./MCAL/UART/UART_Init.o
                0x000002e6                __vector_20
 .text.TMR0_Init
                0x00000340       0x1a ./MCAL/TMR0/TMR0_Program.o
                0x00000340                TMR0_Init
 .text.TMR0_SetComparematchValue
                0x0000035a        0x4 ./MCAL/TMR0/TMR0_Program.o
                0x0000035a                TMR0_SetComparematchValue
 .text.TMR0_setDelay_ms_usingCTC
                0x0000035e        0xe ./MCAL/TMR0/TMR0_Program.o
                0x0000035e                TMR0_setDelay_ms_usingCTC
 .text.TMR0_Start
                0x0000036c       0x14 ./MCAL/TMR0/TMR0_Program.o
                0x0000036c                TMR0_Start
 .text.TMR0_SetDutyCycle
                0x00000380       0x1a ./MCAL/TMR0/TMR0_Program.o
                0x00000380                TMR0_SetDutyCycle
 .text.TMR0_Stop
                0x0000039a       0x14 ./MCAL/TMR0/TMR0_Program.o
                0x0000039a                TMR0_Stop
 .text.TMR0_SetCallBackOVF
                0x000003ae        0xe ./MCAL/TMR0/TMR0_Program.o
                0x000003ae                TMR0_SetCallBackOVF
 .text.TMR0_SetCallBackCTC
                0x000003bc        0xe ./MCAL/TMR0/TMR0_Program.o
                0x000003bc                TMR0_SetCallBackCTC
 .text.TIMER2_Init
                0x000003ca       0x46 ./MCAL/TIMERS/TIMERS_Prog.o
                0x000003ca                TIMER2_Init
 .text.TIMER2_OC2Mode
                0x00000410       0x40 ./MCAL/TIMERS/TIMERS_Prog.o
                0x00000410                TIMER2_OC2Mode
 .text.TMR2_SetDutyCycle
                0x00000450       0x1a ./MCAL/TIMERS/TIMERS_Prog.o
                0x00000450                TMR2_SetDutyCycle
 .text.TIMER1_Init
                0x0000046a       0x8a ./MCAL/TIMERS/TIMERS_Prog.o
                0x0000046a                TIMER1_Init
 .text.TIMER1_OC1AMode
                0x000004f4       0x50 ./MCAL/TIMERS/TIMERS_Prog.o
                0x000004f4                TIMER1_OC1AMode
 .text.TIMER1_OC1BMode
                0x00000544       0x40 ./MCAL/TIMERS/TIMERS_Prog.o
                0x00000544                TIMER1_OC1BMode
 .text.TIMER1_ICU_Edge
                0x00000584       0x1a ./MCAL/TIMERS/TIMERS_Prog.o
                0x00000584                TIMER1_ICU_Edge
 .text.TIMER1_OVF_Enable
                0x0000059e        0x8 ./MCAL/TIMERS/TIMERS_Prog.o
                0x0000059e                TIMER1_OVF_Enable
 .text.TIMER1_OVF_Disable
                0x000005a6        0x8 ./MCAL/TIMERS/TIMERS_Prog.o
                0x000005a6                TIMER1_OVF_Disable
 .text.TIMER1_OC1A_Enable
                0x000005ae        0x8 ./MCAL/TIMERS/TIMERS_Prog.o
                0x000005ae                TIMER1_OC1A_Enable
 .text.TIMER1_OC1A_Disable
                0x000005b6        0x8 ./MCAL/TIMERS/TIMERS_Prog.o
                0x000005b6                TIMER1_OC1A_Disable
 .text.TIMER1_OC1B_Enable
                0x000005be        0x8 ./MCAL/TIMERS/TIMERS_Prog.o
                0x000005be                TIMER1_OC1B_Enable
 .text.TIMER1_OC1B_Disable
                0x000005c6        0x8 ./MCAL/TIMERS/TIMERS_Prog.o
                0x000005c6                TIMER1_OC1B_Disable
 .text.TIMER1_ICU_Enable
                0x000005ce        0x8 ./MCAL/TIMERS/TIMERS_Prog.o
                0x000005ce                TIMER1_ICU_Enable
 .text.TIMER1_ICU_Disable
                0x000005d6        0x8 ./MCAL/TIMERS/TIMERS_Prog.o
                0x000005d6                TIMER1_ICU_Disable
 .text.TIMER1_OVF_SetCallBack
                0x000005de        0x2 ./MCAL/TIMERS/TIMERS_Prog.o
                0x000005de                TIMER1_OVF_SetCallBack
 .text.TIMER1_OC1A_SetCallBack
                0x000005e0        0xa ./MCAL/TIMERS/TIMERS_Prog.o
                0x000005e0                TIMER1_OC1A_SetCallBack
 .text.TIMER1_OC1B_SetCallBack
                0x000005ea        0x2 ./MCAL/TIMERS/TIMERS_Prog.o
                0x000005ea                TIMER1_OC1B_SetCallBack
 .text.TIMER1_ICU_SetCallBack
                0x000005ec        0x2 ./MCAL/TIMERS/TIMERS_Prog.o
                0x000005ec                TIMER1_ICU_SetCallBack
 .text.__vector_14
                0x000005ee       0x14 ./MCAL/TIMERS/TIMERS_Prog.o
                0x000005ee                __vector_14
 .text.__vector_13
                0x00000602       0x14 ./MCAL/TIMERS/TIMERS_Prog.o
                0x00000602                __vector_13
 .text.__vector_12
                0x00000616       0x5a ./MCAL/TIMERS/TIMERS_Prog.o
                0x00000616                __vector_12
 .text.TIMER1_SetStartTime
                0x00000670        0x8 ./MCAL/TIMERS/TIMERS_Prog.o
                0x00000670                TIMER1_SetStartTime
 .text.SPI_SlaveCan_Init
                0x00000678       0x12 ./MCAL/SPI/SPI_Prog.o
                0x00000678                SPI_SlaveCan_Init
 .text.SPI_MasterTransmit
                0x0000068a        0xa ./MCAL/SPI/SPI_Prog.o
                0x0000068a                SPI_MasterTransmit
 .text.SPI_Init
                0x00000694       0x12 ./MCAL/SPI/SPI_Prog.o
                0x00000694                SPI_Init
 .text.SPI_voidTransmateASYNC
                0x000006a6       0x16 ./MCAL/SPI/SPI_Prog.o
                0x000006a6                SPI_voidTransmateASYNC
 .text.__vector_17
                0x000006bc       0x62 ./MCAL/SPI/SPI_Prog.o
                0x000006bc                __vector_17
 .text.SPI_Transieve
                0x0000071e       0x28 ./MCAL/SPI/SPI_Prog.o
                0x0000071e                SPI_Transieve
 .text.SPI_MasterCan_Init
                0x00000746       0x1a ./MCAL/SPI/SPI_Prog.o
                0x00000746                SPI_MasterCan_Init
 .text.Port_Init
                0x00000760      0x20c ./MCAL/PORT/Port.o
                0x00000760                Port_Init
 .text.GI_Enable
                0x0000096c        0x8 ./MCAL/GI/GI_Program.o
                0x0000096c                GI_Enable
 .text.GI_Disable
                0x00000974        0x8 ./MCAL/GI/GI_Program.o
                0x00000974                GI_Disable
 .text.Dio_WriteChannel
                0x0000097c      0x162 ./MCAL/DIO/DIO.o
                0x0000097c                Dio_WriteChannel
 .text.Dio_FlipChannel
                0x00000ade       0x96 ./MCAL/DIO/DIO.o
                0x00000ade                Dio_FlipChannel
 .text.Dio_ReadChannel
                0x00000b74       0x58 ./MCAL/DIO/DIO.o
                0x00000b74                Dio_ReadChannel
 .text.MOTOR_steering_Control
                0x00000bcc       0x4a ./HAL/MotorDriver/Motor.o
                0x00000bcc                MOTOR_steering_Control
 .text.MOTOR_Forward_SetSpeed
                0x00000c16       0x16 ./HAL/MotorDriver/Motor.o
                0x00000c16                MOTOR_Forward_SetSpeed
 .text.MOTOR_Stop
                0x00000c2c       0x18 ./HAL/MotorDriver/Motor.o
                0x00000c2c                MOTOR_Stop
 .text.MOTOR_Backward
                0x00000c44       0x18 ./HAL/MotorDriver/Motor.o
                0x00000c44                MOTOR_Backward
 .text.MOTOR_Forward
                0x00000c5c       0x18 ./HAL/MotorDriver/Motor.o
                0x00000c5c                MOTOR_Forward
 .text.SPI_ChipSelect
                0x00000c74       0x14 ./HAL/CANMCB/CANTX_prog.o
                0x00000c74                SPI_ChipSelect
 .text.MCP2515_SetMask
                0x00000c88       0x9a ./HAL/CANMCB/CANTX_prog.o
                0x00000c88                MCP2515_SetMask
 .text.MCP2515_SendMessage
                0x00000d22       0xc6 ./HAL/CANMCB/CANTX_prog.o
                0x00000d22                MCP2515_SendMessage
 .text.MCP2515_Modify
                0x00000de8       0x38 ./HAL/CANMCB/CANTX_prog.o
                0x00000de8                MCP2515_Modify
 .text.MCP2515_Reset
                0x00000e20       0x14 ./HAL/CANMCB/CANTX_prog.o
                0x00000e20                MCP2515_Reset
 .text.MCP2515_WriteRegister
                0x00000e34       0x2c ./HAL/CANMCB/CANTX_prog.o
                0x00000e34                MCP2515_WriteRegister
 .text.MCP2515_SetBitTiming
                0x00000e60       0x28 ./HAL/CANMCB/CANTX_prog.o
                0x00000e60                MCP2515_SetBitTiming
 .text.MCP2515_receiverB0
                0x00000e88       0x3e ./HAL/CANMCB/CANTX_prog.o
                0x00000e88                MCP2515_receiverB0
 .text.MCP2515_ReadRegister
                0x00000ec6       0x2a ./HAL/CANMCB/CANTX_prog.o
                0x00000ec6                MCP2515_ReadRegister
 .text.MCP2515_SetMode
                0x00000ef0       0x28 ./HAL/CANMCB/CANTX_prog.o
                0x00000ef0                MCP2515_SetMode
 .text.MCP2515_receiverInit
                0x00000f18       0x5a ./HAL/CANMCB/CANTX_prog.o
                0x00000f18                MCP2515_receiverInit
 .text.MCP2515_TransmiterInit
                0x00000f72       0x32 ./HAL/CANMCB/CANTX_prog.o
                0x00000f72                MCP2515_TransmiterInit
 .text.COM_Rx   0x00000fa4       0x66 ./APP/control/Move_Control.o
                0x00000fa4                COM_Rx
 .text.COM_Tx   0x0000100a       0xa6 ./APP/control/Move_Control.o
                0x0000100a                COM_Tx
 .text.COM_handle
                0x000010b0        0xa ./APP/control/Move_Control.o
                0x000010b0                COM_handle
 .text.CarSpeed
                0x000010ba      0x102 ./APP/control/Move_Control.o
                0x000010ba                CarSpeed
 .text.UART_Get
                0x000011bc       0x8c ./APP/control/Move_Control.o
                0x000011bc                UART_Get
 .text.CarDirection
                0x00001248       0x5e ./APP/control/Move_Control.o
                0x00001248                CarDirection
 .text.MOTOR_Runnable
                0x000012a6        0xe ./APP/control/Move_Control.o
                0x000012a6                MOTOR_Runnable
 .text.MOTOR_Init
                0x000012b4       0x3c ./APP/control/Move_Control.o
                0x000012b4                MOTOR_Init
 .text.RX_Interrupt
                0x000012f0       0x10 ./APP/control/Move_Control.o
                0x000012f0                RX_Interrupt
 .text.InitScheduler
                0x00001300       0x42 ./main.o
                0x00001300                InitScheduler
 .text.vInitEcu
                0x00001342       0x22 ./main.o
                0x00001342                vInitEcu
 .text.main     0x00001364        0xe ./main.o
                0x00001364                main
 .text.vMillisIncrement
                0x00001372       0x24 ./main.o
                0x00001372                vMillisIncrement
 .text.libgcc   0x00001396       0x28 e:/courses/01-nti/avr tools/avr tools/sdk_win_64/sdk_win_64/winavr/bin/../lib/gcc/avr/4.3.3/avr51\libgcc.a(_udivmodhi4.o)
                0x00001396                __udivmodhi4
 .text.libgcc   0x000013be        0x0 e:/courses/01-nti/avr tools/avr tools/sdk_win_64/sdk_win_64/winavr/bin/../lib/gcc/avr/4.3.3/avr51\libgcc.a(_exit.o)
 .text.libgcc   0x000013be        0x0 e:/courses/01-nti/avr tools/avr tools/sdk_win_64/sdk_win_64/winavr/bin/../lib/gcc/avr/4.3.3/avr51\libgcc.a(_clear_bss.o)
                0x000013be                . = ALIGN (0x2)
 *(.fini9)
 .fini9         0x000013be        0x0 e:/courses/01-nti/avr tools/avr tools/sdk_win_64/sdk_win_64/winavr/bin/../lib/gcc/avr/4.3.3/avr51\libgcc.a(_exit.o)
                0x000013be                exit
                0x000013be                _exit
 *(.fini9)
 *(.fini8)
 *(.fini8)
 *(.fini7)
 *(.fini7)
 *(.fini6)
 *(.fini6)
 *(.fini5)
 *(.fini5)
 *(.fini4)
 *(.fini4)
 *(.fini3)
 *(.fini3)
 *(.fini2)
 *(.fini2)
 *(.fini1)
 *(.fini1)
 *(.fini0)
 .fini0         0x000013be        0x4 e:/courses/01-nti/avr tools/avr tools/sdk_win_64/sdk_win_64/winavr/bin/../lib/gcc/avr/4.3.3/avr51\libgcc.a(_exit.o)
 *(.fini0)
                0x000013c2                _etext = .

.data           0x00800100      0x13e load address 0x000013c2
                0x00800100                PROVIDE (__data_start, .)
 *(.data)
 .data          0x00800100        0x0 e:/courses/01-nti/avr tools/avr tools/sdk_win_64/sdk_win_64/winavr/bin/../lib/gcc/avr/4.3.3/../../../../avr/lib/avr51/crtm128.o
 .data          0x00800100        0x0 ./OS/OS.o
 .data          0x00800100        0x0 ./OS/OS_Config.o
 .data          0x00800100        0x0 ./OS/Tasks.o
 .data          0x00800100        0x0 ./MCAL/UART/UART_Init.o
 .data          0x00800100        0x0 ./MCAL/TMR0/TMR0_Program.o
 .data          0x00800100        0x0 ./MCAL/TIMERS/TIMERS_Prog.o
 .data          0x00800100        0x0 ./MCAL/SPI/SPI_Prog.o
 .data          0x00800100        0x0 ./MCAL/PORT/Port.o
 .data          0x00800100        0x0 ./MCAL/PORT/Port_Cfg.o
 .data          0x00800100        0x0 ./MCAL/GI/GI_Program.o
 .data          0x00800100        0x0 ./MCAL/DIO/DIO.o
 .data          0x00800100        0x0 ./HAL/MotorDriver/Motor.o
 .data          0x00800100        0x0 ./HAL/CANMCB/CANTX_prog.o
 .data          0x00800100       0xc6 ./APP/control/Move_Control.o
 .data          0x008001c6        0x0 ./main.o
 .data          0x008001c6        0x0 e:/courses/01-nti/avr tools/avr tools/sdk_win_64/sdk_win_64/winavr/bin/../lib/gcc/avr/4.3.3/avr51\libgcc.a(_udivmodhi4.o)
 .data          0x008001c6        0x0 e:/courses/01-nti/avr tools/avr tools/sdk_win_64/sdk_win_64/winavr/bin/../lib/gcc/avr/4.3.3/avr51\libgcc.a(_exit.o)
 .data          0x008001c6        0x0 e:/courses/01-nti/avr tools/avr tools/sdk_win_64/sdk_win_64/winavr/bin/../lib/gcc/avr/4.3.3/avr51\libgcc.a(_clear_bss.o)
 *(.data*)
 .data.PinCfgs  0x008001c6       0x78 ./MCAL/PORT/Port_Cfg.o
                0x008001c6                PinCfgs
 *(.rodata)
 *(.rodata*)
 *(.gnu.linkonce.d*)
                0x0080023e                . = ALIGN (0x2)
                0x0080023e                _edata = .
                0x0080023e                PROVIDE (__data_end, .)

.bss            0x0080023e       0x48
                0x0080023e                PROVIDE (__bss_start, .)
 *(.bss)
 .bss           0x0080023e        0x0 e:/courses/01-nti/avr tools/avr tools/sdk_win_64/sdk_win_64/winavr/bin/../lib/gcc/avr/4.3.3/../../../../avr/lib/avr51/crtm128.o
 .bss           0x0080023e        0x0 ./OS/OS.o
 .bss           0x0080023e        0x0 ./OS/OS_Config.o
 .bss           0x0080023e        0x0 ./OS/Tasks.o
 .bss           0x0080023e        0x0 ./MCAL/UART/UART_Init.o
 .bss           0x0080023e        0x0 ./MCAL/TMR0/TMR0_Program.o
 .bss           0x0080023e        0x0 ./MCAL/TIMERS/TIMERS_Prog.o
 .bss           0x0080023e        0x0 ./MCAL/SPI/SPI_Prog.o
 .bss           0x0080023e        0x0 ./MCAL/PORT/Port.o
 .bss           0x0080023e        0x0 ./MCAL/PORT/Port_Cfg.o
 .bss           0x0080023e        0x0 ./MCAL/GI/GI_Program.o
 .bss           0x0080023e        0x0 ./MCAL/DIO/DIO.o
 .bss           0x0080023e        0x0 ./HAL/MotorDriver/Motor.o
 .bss           0x0080023e        0x0 ./HAL/CANMCB/CANTX_prog.o
 .bss           0x0080023e        0x0 ./APP/control/Move_Control.o
 .bss           0x0080023e        0x0 ./main.o
 .bss           0x0080023e        0x0 e:/courses/01-nti/avr tools/avr tools/sdk_win_64/sdk_win_64/winavr/bin/../lib/gcc/avr/4.3.3/avr51\libgcc.a(_udivmodhi4.o)
 .bss           0x0080023e        0x0 e:/courses/01-nti/avr tools/avr tools/sdk_win_64/sdk_win_64/winavr/bin/../lib/gcc/avr/4.3.3/avr51\libgcc.a(_exit.o)
 .bss           0x0080023e        0x0 e:/courses/01-nti/avr tools/avr tools/sdk_win_64/sdk_win_64/winavr/bin/../lib/gcc/avr/4.3.3/avr51\libgcc.a(_clear_bss.o)
 *(.bss*)
 .bss.taskCounter
                0x0080023e        0x1 ./OS/OS.o
 .bss.taskArray
                0x0080023f       0x18 ./OS/OS.o
 .bss.UART_TX_Fptr
                0x00800257        0x2 ./MCAL/UART/UART_Init.o
 .bss.UART_RX_Fptr
                0x00800259        0x2 ./MCAL/UART/UART_Init.o
 .bss.private_pCallBackCTC
                0x0080025b        0x2 ./MCAL/TMR0/TMR0_Program.o
 .bss.private_pCallBackOVF
                0x0080025d        0x2 ./MCAL/TMR0/TMR0_Program.o
 .bss.private_ctcCounter
                0x0080025f        0x2 ./MCAL/TMR0/TMR0_Program.o
 .bss.Timer1_OCA_Fptr
                0x00800261        0x2 ./MCAL/TIMERS/TIMERS_Prog.o
 .bss.Global_Ptf
                0x00800263        0x2 ./MCAL/SPI/SPI_Prog.o
 .bss.SPI_GlOBAL_DATA
                0x00800265        0x2 ./MCAL/SPI/SPI_Prog.o
 .bss.UART_DATA
                0x00800267        0x1 ./APP/control/Move_Control.o
                0x00800267                UART_DATA
 .bss.UART_FLAG
                0x00800268        0x1 ./APP/control/Move_Control.o
                0x00800268                UART_FLAG
 .bss.MANIUAL_FLAG
                0x00800269        0x1 ./APP/control/Move_Control.o
                0x00800269                MANIUAL_FLAG
 .bss.ACC_FLAG  0x0080026a        0x1 ./APP/control/Move_Control.o
                0x0080026a                ACC_FLAG
 .bss.LANE_KEEP_FLAG
                0x0080026b        0x1 ./APP/control/Move_Control.o
                0x0080026b                LANE_KEEP_FLAG
 .bss.msgReq1   0x0080026c        0x1 ./APP/control/Move_Control.o
                0x0080026c                msgReq1
 .bss.msgReq2   0x0080026d        0x1 ./APP/control/Move_Control.o
                0x0080026d                msgReq2
 .bss.print_flag
                0x0080026e        0x1 ./APP/control/Move_Control.o
                0x0080026e                print_flag
 .bss.FristTimeOnAcc
                0x0080026f        0x1 ./APP/control/Move_Control.o
                0x0080026f                FristTimeOnAcc
 .bss.motor_status
                0x00800270        0x1 ./APP/control/Move_Control.o
                0x00800270                motor_status
 .bss.speed_COM
                0x00800271        0x1 ./APP/control/Move_Control.o
 .bss.dir_COM   0x00800272        0x1 ./APP/control/Move_Control.o
 .bss.speed_UART
                0x00800273        0x1 ./APP/control/Move_Control.o
 .bss.default_speed
                0x00800274        0x1 ./APP/control/Move_Control.o
 .bss.flag.1579
                0x00800275        0x1 ./APP/control/Move_Control.o
 .bss.u16_MillisCounter.1452
                0x00800276        0x2 ./main.o
 *(COMMON)
 COMMON         0x00800278        0xe ./HAL/CANMCB/CANTX_prog.o
                0x00800278                buffer
                0x00800286                PROVIDE (__bss_end, .)
                0x000013c2                __data_load_start = LOADADDR (.data)
                0x00001500                __data_load_end = (__data_load_start + SIZEOF (.data))

.noinit         0x00800286        0x0
                0x00800286                PROVIDE (__noinit_start, .)
 *(.noinit*)
                0x00800286                PROVIDE (__noinit_end, .)
                0x00800286                _end = .
                0x00800286                PROVIDE (__heap_start, .)

.eeprom         0x00810000        0x0
 *(.eeprom*)
                0x00810000                __eeprom_end = .

.fuse
 *(.fuse)
 *(.lfuse)
 *(.hfuse)
 *(.efuse)

.lock
 *(.lock*)

.signature
 *(.signature*)

.stab
 *(.stab)

.stabstr
 *(.stabstr)

.stab.excl
 *(.stab.excl)

.stab.exclstr
 *(.stab.exclstr)

.stab.index
 *(.stab.index)

.stab.indexstr
 *(.stab.indexstr)

.comment
 *(.comment)

.debug
 *(.debug)

.line
 *(.line)

.debug_srcinfo
 *(.debug_srcinfo)

.debug_sfnames
 *(.debug_sfnames)

.debug_aranges
 *(.debug_aranges)

.debug_pubnames
 *(.debug_pubnames)

.debug_info
 *(.debug_info)
 *(.gnu.linkonce.wi.*)

.debug_abbrev
 *(.debug_abbrev)

.debug_line
 *(.debug_line)

.debug_frame
 *(.debug_frame)

.debug_str
 *(.debug_str)

.debug_loc
 *(.debug_loc)

.debug_macinfo
 *(.debug_macinfo)
OUTPUT(ATMega128_control.elf elf32-avr)
LOAD linker stubs
